// Jest Snapshot v1, https://goo.gl/fbAQLP

exports[`WithState should wrap 1`] = `
<div>
  Hello
</div>
`;
